// Jest Snapshot v1, https://goo.gl/fbAQLP

exports[`given: missing data when: I initialize then: error matched snapshot 1`] = `[Error: FormationCreatedEvent: name must be a string, formationType must be a valid enum value, each value in positionMap must be a string, positionMap must contain not more than 11 elements, positionMap must contain at least 11 elements]`;
