// Jest Snapshot v1, https://goo.gl/fbAQLP

exports[`given: missing data when: I initialize then: error matched snapshot 1`] = `[Error: CoinTossResultEvent: actual must be a valid enum value, winner must be a string, nextSeed must be a number conforming to the specified constraints]`;
