// Jest Snapshot v1, https://goo.gl/fbAQLP

exports[`given: missing data when: I initialize then: error matched snapshot 1`] = `[Error: DirectionChosenEvent: choice must be a valid enum value]`;
