// Jest Snapshot v1, https://goo.gl/fbAQLP

exports[`given: missing data when: I initialize then: error matched snapshot 1`] = `[Error: OffensePlayCalledEvent: play must be a string, formationId must be a string, each value in players must be a string, players must contain not more than 11 elements, players must contain at least 11 elements]`;
