// Jest Snapshot v1, https://goo.gl/fbAQLP

exports[`given: missing data when: I initialize then: error matched snapshot 1`] = `[Error: ResultEvent: nextSeed must be a number conforming to the specified constraints, source must be a string, type must be a string, version must be a string]`;
