// Jest Snapshot v1, https://goo.gl/fbAQLP

exports[`given: missing data when: I initialize then: error matched snapshot 1`] = `[Error: GameLogView: id must be a string, sequence must be a number string, log must be a string]`;
