// Jest Snapshot v1, https://goo.gl/fbAQLP

exports[`given: missing player data when: I create initialize then: error matched snapshot 1`] = `"PlayResultAttributes: elapsedTime must be a number conforming to the specified constraints, isOutOfBounds must be a boolean value"`;
