// Jest Snapshot v1, https://goo.gl/fbAQLP

exports[`given: missing player data when: I create initialize then: error matched snapshot 1`] = `"PlayerAttributes: firstName must be a string, lastName must be a string, age must not be greater than 100, age must not be less than 20, age must be divisible by 1, age must be a number conforming to the specified constraints, height must not be greater than 100, height must not be less than 0, height must be divisible by 1, height must be a number conforming to the specified constraints, weight must not be greater than 100, weight must not be less than 0, weight must be divisible by 1, weight must be a number conforming to the specified constraints, jerseyNumber must not be greater than 100, jerseyNumber must not be less than 1, jerseyNumber must be divisible by 1, jerseyNumber must be a number conforming to the specified constraints, speed must not be greater than 100, speed must not be less than 0, speed must be divisible by 1, speed must be a number conforming to the specified constraints, strength must not be greater than 100, strength must not be less than 0, strength must be divisible by 1, strength must be a number conforming to the specified constraints, agility must not be greater than 100, agility must not be less than 0, agility must be divisible by 1, agility must be a number conforming to the specified constraints, quickness must not be greater than 100, quickness must not be less than 0, quickness must be divisible by 1, quickness must be a number conforming to the specified constraints, passingStrength must not be greater than 100, passingStrength must not be less than 0, passingStrength must be divisible by 1, passingStrength must be a number conforming to the specified constraints, shortPassAccuracy must not be greater than 100, shortPassAccuracy must not be less than 0, shortPassAccuracy must be divisible by 1, shortPassAccuracy must be a number conforming to the specified constraints, mediumPassAccuracy must not be greater than 100, mediumPassAccuracy must not be less than 0, mediumPassAccuracy must be divisible by 1, mediumPassAccuracy must be a number conforming to the specified constraints, longPassAccuracy must not be greater than 100, longPassAccuracy must not be less than 0, longPassAccuracy must be divisible by 1, longPassAccuracy must be a number conforming to the specified constraints, scramblingPassAccuracy must not be greater than 100, scramblingPassAccuracy must not be less than 0, scramblingPassAccuracy must be divisible by 1, scramblingPassAccuracy must be a number conforming to the specified constraints, scrambling must not be greater than 100, scrambling must not be less than 0, scrambling must be divisible by 1, scrambling must be a number conforming to the specified constraints, ballHandling must not be greater than 100, ballHandling must not be less than 0, ballHandling must be divisible by 1, ballHandling must be a number conforming to the specified constraints, rushing must not be greater than 100, rushing must not be less than 0, rushing must be divisible by 1, rushing must be a number conforming to the specified constraints, breakingTackles must not be greater than 100, breakingTackles must not be less than 0, breakingTackles must be divisible by 1, breakingTackles must be a number conforming to the specified constraints, routeRunning must not be greater than 100, routeRunning must not be less than 0, routeRunning must be divisible by 1, routeRunning must be a number conforming to the specified constraints, catching must not be greater than 100, catching must not be less than 0, catching must be divisible by 1, catching must be a number conforming to the specified constraints, spectacularCatching must not be greater than 100, spectacularCatching must not be less than 0, spectacularCatching must be divisible by 1, spectacularCatching must be a number conforming to the specified constraints, catchingInTraffic must not be greater than 100, catchingInTraffic must not be less than 0, catchingInTraffic must be divisible by 1, catchingInTraffic must be a number conforming to the specified constraints, jumping must not be greater than 100, jumping must not be less than 0, jumping must be divisible by 1, jumping must be a number conforming to the specified constraints, passBlocking must not be greater than 100, passBlocking must not be less than 0, passBlocking must be divisible by 1, passBlocking must be a number conforming to the specified constraints, runBlocking must not be greater than 100, runBlocking must not be less than 0, runBlocking must be divisible by 1, runBlocking must be a number conforming to the specified constraints, runStuffing must not be greater than 100, runStuffing must not be less than 0, runStuffing must be divisible by 1, runStuffing must be a number conforming to the specified constraints, passRushing must not be greater than 100, passRushing must not be less than 0, passRushing must be divisible by 1, passRushing must be a number conforming to the specified constraints, zoneCovering must not be greater than 100, zoneCovering must not be less than 0, zoneCovering must be divisible by 1, zoneCovering must be a number conforming to the specified constraints, manCovering must not be greater than 100, manCovering must not be less than 0, manCovering must be divisible by 1, manCovering must be a number conforming to the specified constraints, awareness must not be greater than 100, awareness must not be less than 0, awareness must be divisible by 1, awareness must be a number conforming to the specified constraints, intelligence must not be greater than 100, intelligence must not be less than 0, intelligence must be divisible by 1, intelligence must be a number conforming to the specified constraints, clutch must not be greater than 100, clutch must not be less than 0, clutch must be divisible by 1, clutch must be a number conforming to the specified constraints, endurance must not be greater than 100, endurance must not be less than 0, endurance must be divisible by 1, endurance must be a number conforming to the specified constraints, stamina must not be greater than 100, stamina must not be less than 0, stamina must be divisible by 1, stamina must be a number conforming to the specified constraints, fragility must not be greater than 100, fragility must not be less than 0, fragility must be divisible by 1, fragility must be a number conforming to the specified constraints, toughness must not be greater than 100, toughness must not be less than 0, toughness must be divisible by 1, toughness must be a number conforming to the specified constraints, returning must not be greater than 100, returning must not be less than 0, returning must be divisible by 1, returning must be a number conforming to the specified constraints, kickingPower must not be greater than 100, kickingPower must not be less than 0, kickingPower must be divisible by 1, kickingPower must be a number conforming to the specified constraints, kickingAccuracy must not be greater than 100, kickingAccuracy must not be less than 0, kickingAccuracy must be divisible by 1, kickingAccuracy must be a number conforming to the specified constraints, puntingPower must not be greater than 100, puntingPower must not be less than 0, puntingPower must be divisible by 1, puntingPower must be a number conforming to the specified constraints, puntingAccuracy must not be greater than 100, puntingAccuracy must not be less than 0, puntingAccuracy must be divisible by 1, puntingAccuracy must be a number conforming to the specified constraints, aggressiveness must not be greater than 100, aggressiveness must not be less than 0, aggressiveness must be divisible by 1, aggressiveness must be a number conforming to the specified constraints, riskTaking must not be greater than 100, riskTaking must not be less than 0, riskTaking must be divisible by 1, riskTaking must be a number conforming to the specified constraints, sportsmanship must not be greater than 100, sportsmanship must not be less than 0, sportsmanship must be divisible by 1, sportsmanship must be a number conforming to the specified constraints, coachability must not be greater than 100, coachability must not be less than 0, coachability must be divisible by 1, coachability must be a number conforming to the specified constraints, leadership must not be greater than 100, leadership must not be less than 0, leadership must be divisible by 1, leadership must be a number conforming to the specified constraints"`;
