// Jest Snapshot v1, https://goo.gl/fbAQLP

exports[`given: missing player data when: I create initialize then: error matched snapshot 1`] = `"PlayerAssignmentAttributes: id must be a string, sequence must be a number string"`;
