// Jest Snapshot v1, https://goo.gl/fbAQLP

exports[`given: missing team data when: I create initialize then: error matched snapshot 1`] = `"TeamAttributes: city must be a string, state must be a string, country must be a string, nickname must be a string, abbreviation must be a string, pluralNickname must be a string, shortNickname must be a string"`;
