// Jest Snapshot v1, https://goo.gl/fbAQLP

exports[`given: missing data when: I initialize then: error matched snapshot 1`] = `[Error: PlayerAssignedEvent: playerId must be a string, playerSequence must be a number string]`;
